// vi Snapshot v1, https://goo.gl/fbAQLP

exports[`CopyBountyAddress should render CopyBountyAddress and match DOM Snapshot 1`] = `
<div
  className=""
>
  <div
    className="flex  items-center space-x-2 cursor-pointer"
  >
    <div
      className="relative undefined"
    >
      <div
        className="flex flex-row items-center space-x-4 md:space-x-1 cursor-pointer w-fit"
        onClick={[Function]}
      >
        <div
          className="relative flex flex-col items-center group"
        >
          <svg
            className="h-6 w-6"
            fill="none"
            stroke="currentColor"
            viewBox="0 0 24 24"
            xmlns="http://www.w3.org/2000/svg"
          >
            <path
              d="M8 16H6a2 2 0 01-2-2V6a2 2 0 012-2h8a2 2 0 012 2v2m-6 12h8a2 2 0 002-2v-8a2 2 0 00-2-2h-8a2 2 0 00-2 2v8a2 2 0 002 2z"
              strokeLinecap="round"
              strokeLinejoin="round"
              strokeWidth={2}
            />
          </svg>
        </div>
        <div
          className="px-1"
        >
          0x066efd8702
						...
						f98241d774
        </div>
      </div>
    </div>
  </div>
</div>
`;
