// Jest Snapshot v1, https://goo.gl/fbAQLP

exports[`SmallToggle should atch DOM Snapshot 1`] = `
<div
  className="flex text-sm rounded-sm overflow-hidden w-fit undefined cursor-not-allowed text-primary "
>
  <button
    className="w-fit min-w-[80px] py-[5px] px-4 rounded-l-sm border whitespace-nowrap  border-web-gray  cursor-pointer"
    onClick={[Function]}
  >
    Ready for work
  </button>
  <button
    className="w-fit min-w-[80px] py-[5px] px-4 rounded-r-sm border whitespace-nowrap  border-web-gray  cursor-pointer"
    onClick={[Function]}
  >
    All issues
  </button>
</div>
`;
