// vi Snapshot v1, https://goo.gl/fbAQLP

exports[`BountyLinks should match DOM Snapshot 1`] = `
<div
  className="flex items-center space-x-4 px-2"
>
  <ForwardRef(LinkComponent)
    href="undefined/contract/undefined/0x066efd87027a4cc4a21c57467f224ef98241d774"
    onClick={[Function]}
    rel="noopener noreferrer"
    target="_blank"
  >
    <div
      className="cursor-pointer hover:opacity-70"
      data-testid="link"
      id="bounty-link"
    >
      <svg
        fill="ffffff"
        height="24"
        viewBox="0 0 512 512"
        width="24"
        xmlns="http://www.w3.org/2000/svg"
      >
        <path
          d="M326.612 185.391c59.747 59.809 58.927 155.698.36 214.59-.11.12-.24.25-.36.37l-67.2 67.2c-59.27 59.27-155.699 59.262-214.96 0-59.27-59.26-59.27-155.7 0-214.96l37.106-37.106c9.84-9.84 26.786-3.3 27.294 10.606.648 17.722 3.826 35.527 9.69 52.721 1.986 5.822.567 12.262-3.783 16.612l-13.087 13.087c-28.026 28.026-28.905 73.66-1.155 101.96 28.024 28.579 74.086 28.749 102.325.51l67.2-67.19c28.191-28.191 28.073-73.757 0-101.83-3.701-3.694-7.429-6.564-10.341-8.569a16.037 16.037 0 0 1-6.947-12.606c-.396-10.567 3.348-21.456 11.698-29.806l21.054-21.055c5.521-5.521 14.182-6.199 20.584-1.731a152.482 152.482 0 0 1 20.522 17.197zM467.547 44.449c-59.261-59.262-155.69-59.27-214.96 0l-67.2 67.2c-.12.12-.25.25-.36.37-58.566 58.892-59.387 154.781.36 214.59a152.454 152.454 0 0 0 20.521 17.196c6.402 4.468 15.064 3.789 20.584-1.731l21.054-21.055c8.35-8.35 12.094-19.239 11.698-29.806a16.037 16.037 0 0 0-6.947-12.606c-2.912-2.005-6.64-4.875-10.341-8.569-28.073-28.073-28.191-73.639 0-101.83l67.2-67.19c28.239-28.239 74.3-28.069 102.325.51 27.75 28.3 26.872 73.934-1.155 101.96l-13.087 13.087c-4.35 4.35-5.769 10.79-3.783 16.612 5.864 17.194 9.042 34.999 9.69 52.721.509 13.906 17.454 20.446 27.294 10.606l37.106-37.106c59.271-59.259 59.271-155.699.001-214.959z"
          fill="#ffffff"
        />
      </svg>
    </div>
  </ForwardRef(LinkComponent)>
  <ForwardRef(LinkComponent)
    href="https://github.com/OpenQDev/OpenQ-TestRepo/issues/8"
    passHref={true}
    rel="noreferrer"
    target="_blank"
  >
    <div
      className="cursor-pointer hover:opacity-70"
      data-testid="link"
      id="github-link"
    >
      <Github />
    </div>
  </ForwardRef(LinkComponent)>
  <ForwardRef(LinkComponent)
    className="flex"
    href="undefined/address/0x066efd87027a4cc4a21c57467f224ef98241d774"
    rel="noreferrer"
    target="_blank"
  >
    <div
      className="cursor-pointer hover:opacity-70"
      data-testid="link"
      id="bounty-link"
    >
      <ForwardRef
        alt="link-icon"
        height={24}
        src="/BountyMaterial/polyscan-white.png"
        width={24}
      />
    </div>
  </ForwardRef(LinkComponent)>
  <ForwardRef(LinkComponent)
    href="https://twitter.com/intent/tweet/?text=Check out this contract for OpenQDev on OpenQ. You can claim it just by making a pull request that completes the issue! undefined/contract/undefined/0x066efd87027a4cc4a21c57467f224ef98241d774"
    rel="noopener noreferrer"
    target="_blank"
  >
    <div
      className="cursor-pointer hover:opacity-70"
      data-testid="link"
      id="bounty-link"
    >
      <Twitter />
    </div>
  </ForwardRef(LinkComponent)>
</div>
`;
