// Vitest Snapshot v1, https://vitest.dev/guide/snapshot.html

exports[`Submissions > should render match DOM Snapshot 1`] = `
<React.Fragment>
  <div
    className="w-full bg-info border-info-strong border-2 p-3 rounded-sm"
  >
    Don't see your submission yet? Click 'Refresh' above to get the latest pull requests from Github.
  </div>
  <div
    className="grid gap-8 w-full pt-8 justify-between justify-items-center grid-cols-[repeat(auto-fit,_minmax(300px,_1fr))]"
  >
    <SubmissionCard
      bounty={
        {
          "address": "0x066efd87027a4cc4a21c57467f224ef98241d774",
          "assignees": [],
          "avatarUrl": "https://avatars.githubusercontent.com/u/77402538?v=4",
          "body": "body of test2",
          "bodyHTML": "<p dir=\\"auto\\">body of test2</p>",
          "bountyAddress": "0x066efd87027a4cc4a21c57467f224ef98241d774",
          "bountyId": "I_kwDOGWnnz85I9Agl",
          "bountyMintTime": "1662545344",
          "bountyTokenBalances": [
            {
              "__typename": "BountyFundedTokenBalance",
              "tokenAddress": "0x0000000000000000000000000000000000000000",
              "volume": "2000000000000000000",
            },
            {
              "__typename": "BountyFundedTokenBalance",
              "tokenAddress": "0x9fE46736679d2D9a65F0992F2272dE9f3c7fa6e0",
              "volume": "2000000000000000000",
            },
            {
              "__typename": "BountyFundedTokenBalance",
              "tokenAddress": "0x5FbDB2315678afecb367f032d93F642f64180aa3",
              "volume": "2000000000000000000",
            },
          ],
          "bountyType": "0",
          "claims": [],
          "closed": true,
          "closedAt": "2022-03-28T17:57:44Z",
          "closedEvents": [
            {
              "__typename": "ClosedEvent",
              "actor": {
                "__typename": "User",
                "avatarUrl": "https://avatars.githubusercontent.com/u/93455288?u=fd1fb04b6ff2bf397f8353eafffc3bfb4bd66e84&v=4",
                "login": "FlacoJones",
                "name": null,
                "url": "https://github.com/FlacoJones",
              },
              "id": "CE_lADOGWnnz85GjwA1zwAAAAF4vHFc",
            },
          ],
          "closerData": null,
          "createdAt": "1661767948472",
          "deposits": [
            {
              "__typename": "Deposit",
              "expiration": "1296000",
              "id": "0xe5551a3fa87d93a0c6c084d572b9e282114befc43dc68f08be6d53d13830e356",
              "receiveTime": "1662545374",
              "refundTime": null,
              "refunded": false,
              "sender": {
                "__typename": "User",
                "id": "0xf39fd6e51aad88f6f4ce6ab8827279cfffb92266",
              },
              "tokenAddress": "0x0000000000000000000000000000000000000000",
              "volume": "1000000000000000000",
            },
            {
              "__typename": "Deposit",
              "expiration": "30",
              "id": "0xb4f31aab8a1c4bfe26236729e8cd8e4abf81d63283e006b4ec677a7ce6b2871a",
              "receiveTime": "1662545373",
              "refundTime": "1662559726",
              "refunded": true,
              "sender": {
                "__typename": "User",
                "id": "0xf39fd6e51aad88f6f4ce6ab8827279cfffb92266",
              },
              "tokenAddress": "0x9fE46736679d2D9a65F0992F2272dE9f3c7fa6e0",
              "volume": "2000000000000000000",
            },
            {
              "__typename": "Deposit",
              "expiration": "1296000",
              "id": "0x7db2691e573b9c19e90f391cd3eda9ce9246666a1502f2bf87b9d47d13679bc0",
              "receiveTime": "1662545372",
              "refundTime": null,
              "refunded": false,
              "sender": {
                "__typename": "User",
                "id": "0xf39fd6e51aad88f6f4ce6ab8827279cfffb92266",
              },
              "tokenAddress": "0x5fbdb2315678afecb367f032d93f642f64180aa3",
              "volume": "1000000000000000000",
            },
          ],
          "fundingGoalTokenAddress": "0x0000000000000000000000000000000000000000",
          "id": undefined,
          "issuer": {
            "__typename": "User",
            "id": "0xf39fd6e51aad88f6f4ce6ab8827279cfffb92266",
          },
          "labels": [
            {
              "__typename": "Label",
              "color": "0075ca",
              "name": "documentation",
            },
            {
              "__typename": "Label",
              "color": "cfd3d7",
              "name": "duplicate",
            },
          ],
          "number": 8,
          "owner": "OpenQDev",
          "prs": [
            {
              "__typename": "CrossReferencedEvent",
              "assignees": [],
              "id": "CRE_kwDOGWnnz85GHUw1",
              "referencedAt": "2022-03-28T17:47:26Z",
              "source": {
                "__typename": "PullRequest",
                "author": {
                  "__typename": "User",
                  "avatarUrl": "https://avatars.githubusercontent.com/u/93455288?u=fd1fb04b6ff2bf397f8353eafffc3bfb4bd66e84&v=4",
                  "email": "",
                  "id": "U_kgDOBZIDuA",
                  "login": "FlacoJones",
                  "url": "https://github.com/FlacoJones",
                  "user": {
                    "__typename": "User",
                    "login": "FlacoJones",
                    "url": "https://github.com/FlacoJones",
                  },
                },
                "body": "This Closes #136 and also unrelated thing of Fixes #137",
                "bodyHTML": "<p dir=\\"auto\\">This <span class=\\"issue-keyword tooltipped tooltipped-se\\" aria-label=\\"This pull request closes issue #136.\\">Closes</span> <a class=\\"issue-link js-issue-link\\" data-error-text=\\"Failed to load title\\" data-id=\\"1183776821\\" data-permission-text=\\"Title is private\\" data-url=\\"https://github.com/OpenQDev/OpenQ-TestRepo/issues/136\\" data-hovercard-type=\\"issue\\" data-hovercard-url=\\"/OpenQDev/OpenQ-TestRepo/issues/136/hovercard\\" href=\\"https://github.com/OpenQDev/OpenQ-TestRepo/issues/136\\">#136</a> and also unrelated thing of <span class=\\"issue-keyword tooltipped tooltipped-se\\" aria-label=\\"This pull request closes issue #137.\\">Fixes</span> <a class=\\"issue-link js-issue-link\\" data-error-text=\\"Failed to load title\\" data-id=\\"1183777365\\" data-permission-text=\\"Title is private\\" data-url=\\"https://github.com/OpenQDev/OpenQ-TestRepo/issues/137\\" data-hovercard-type=\\"issue\\" data-hovercard-url=\\"/OpenQDev/OpenQ-TestRepo/issues/137/hovercard\\" href=\\"https://github.com/OpenQDev/OpenQ-TestRepo/issues/137\\">#137</a></p>",
                "bodyText": "This Closes #136 and also unrelated thing of Fixes #137",
                "createdAt": "2022-03-28T17:57:44Z",
                "id": "PR_kwDOGWnnz841LGsK",
                "mergeCommit": {
                  "__typename": "Commit",
                  "author": {
                    "__typename": "GitActor",
                    "avatarUrl": "https://avatars.githubusercontent.com/u/93455288?v=4",
                    "name": "FlacoJones",
                    "user": {
                      "__typename": "User",
                      "login": "FlacoJones",
                      "url": "https://github.com/FlacoJones",
                    },
                  },
                },
                "merged": true,
                "mergedAt": "2022-03-28T17:57:44Z",
                "title": "Update README.md",
                "url": "https://github.com/OpenQDev/OpenQ-TestRepo/pull/138",
              },
            },
          ],
          "refunds": [
            {
              "__typename": "Refund",
              "depositId": "0xb4f31aab8a1c4bfe26236729e8cd8e4abf81d63283e006b4ec677a7ce6b2871a",
              "refundTime": "1662559726",
              "tokenAddress": "0x9fE46736679d2D9a65F0992F2272dE9f3c7fa6e0",
              "volume": "2000000000000000000",
            },
          ],
          "repoName": "OpenQ-Frontend",
          "title": "Properly Referenced and Merged by FlacoJones",
          "titleHTML": "Properly Referenced and Merged by FlacoJones",
          "tvl": "9.51848",
          "twitterUsername": "openqlabs",
          "url": "https://github.com/OpenQDev/OpenQ-TestRepo/issues/8",
        }
      }
      pr={
        {
          "__typename": "PullRequest",
          "author": {
            "__typename": "User",
            "avatarUrl": "https://avatars.githubusercontent.com/u/93455288?u=fd1fb04b6ff2bf397f8353eafffc3bfb4bd66e84&v=4",
            "email": "",
            "id": "U_kgDOBZIDuA",
            "login": "FlacoJones",
            "url": "https://github.com/FlacoJones",
            "user": {
              "__typename": "User",
              "login": "FlacoJones",
              "url": "https://github.com/FlacoJones",
            },
          },
          "body": "This Closes #136 and also unrelated thing of Fixes #137",
          "bodyHTML": "<p dir=\\"auto\\">This <span class=\\"issue-keyword tooltipped tooltipped-se\\" aria-label=\\"This pull request closes issue #136.\\">Closes</span> <a class=\\"issue-link js-issue-link\\" data-error-text=\\"Failed to load title\\" data-id=\\"1183776821\\" data-permission-text=\\"Title is private\\" data-url=\\"https://github.com/OpenQDev/OpenQ-TestRepo/issues/136\\" data-hovercard-type=\\"issue\\" data-hovercard-url=\\"/OpenQDev/OpenQ-TestRepo/issues/136/hovercard\\" href=\\"https://github.com/OpenQDev/OpenQ-TestRepo/issues/136\\">#136</a> and also unrelated thing of <span class=\\"issue-keyword tooltipped tooltipped-se\\" aria-label=\\"This pull request closes issue #137.\\">Fixes</span> <a class=\\"issue-link js-issue-link\\" data-error-text=\\"Failed to load title\\" data-id=\\"1183777365\\" data-permission-text=\\"Title is private\\" data-url=\\"https://github.com/OpenQDev/OpenQ-TestRepo/issues/137\\" data-hovercard-type=\\"issue\\" data-hovercard-url=\\"/OpenQDev/OpenQ-TestRepo/issues/137/hovercard\\" href=\\"https://github.com/OpenQDev/OpenQ-TestRepo/issues/137\\">#137</a></p>",
          "bodyText": "This Closes #136 and also unrelated thing of Fixes #137",
          "createdAt": "2022-03-28T17:57:44Z",
          "id": "PR_kwDOGWnnz841LGsK",
          "mergeCommit": {
            "__typename": "Commit",
            "author": {
              "__typename": "GitActor",
              "avatarUrl": "https://avatars.githubusercontent.com/u/93455288?v=4",
              "name": "FlacoJones",
              "user": {
                "__typename": "User",
                "login": "FlacoJones",
                "url": "https://github.com/FlacoJones",
              },
            },
          },
          "merged": true,
          "mergedAt": "2022-03-28T17:57:44Z",
          "title": "Update README.md",
          "url": "https://github.com/OpenQDev/OpenQ-TestRepo/pull/138",
        }
      }
    />
  </div>
</React.Fragment>
`;
