// Vitest Snapshot v1, https://vitest.dev/guide/snapshot.html

exports[`MintBountyButton > should match DOM Snapshot 1`] = `
<button
  className="lg:col-start-4 col-span-4 lg:col-span-1 whitespace-nowrap btn-primary flex flex-row space-x-3 items-center justify-center leading-tight h-8 sm:w-min px-3 undefined"
  onClick={[Function]}
>
  <svg
    className="h-5 w-5"
    fill="none"
    stroke="currentColor"
    strokeWidth="2"
    viewBox="0 0 24 24"
    xmlns="http://www.w3.org/2000/svg"
  >
    <path
      d="M9 12h6m-6 4h6m2 5H7a2 2 0 01-2-2V5a2 2 0 012-2h5.586a1 1 0 01.707.293l5.414 5.414a1 1 0 01.293.707V19a2 2 0 01-2 2z"
      strokeLinecap="round"
      strokeLinejoin="round"
    />
  </svg>
  <div>
    New Contract
  </div>
</button>
`;
