// Jest Snapshot v1, https://goo.gl/fbAQLP

exports[`KycRegistration should match initial DOM Snapshot 1`] = `
<DocumentFragment>
  <div
    class="border-b border-web-gray sm:flex flex-wrap pb-8 mb-8 gap-y-4"
  >
    <h2
      class="text-2xl pb-4 font-semibold"
    >
      Perform KYC via KycDAO
    </h2>
    <div>
      Due to current regulations, it may sometimes be necessary for you to perform a KYC registration to receive specific prizes displayed on OpenQ. We use the KycDAO process. You can learn more about it 
      <a
        class="text-blue-500 hover:underline col-span-2"
        href="https://kycdao.xyz/home"
        rel="noopener norefferer"
        target="_blank"
      >
        here
      </a>
      .
    </div>
    <button
      class="my-2 btn-primary w-fit cursor-pointer"
    >
      Start KYC
    </button>
  </div>
</DocumentFragment>
`;
